// Jest Snapshot v1, https://goo.gl/fbAQLP

exports[`Toggle matches the snapshot 1`] = `
<div
  className="header-menu-toggle false"
  id="header-menu-toggle-it"
  onClick={[MockFunction]}
  test-id="toggle"
>
  <span>
    Menu
  </span>
</div>
`;
