// Jest Snapshot v1, https://goo.gl/fbAQLP

exports[`Donate matches the snapshot 1`] = `
<section
  className="s-donate target-section"
  id="donate"
>
  <div
    className="row section-header align-center"
  >
    <div
      className="col-full"
    >
      <h1
        className="display-1"
      >
        You Can Help 
        <br />
         with your Donation.
      </h1>
      <p
        className="lead"
      >
        Et nihil atque ex. Reiciendis et rerum ut voluptate. Omnis molestiae nemo est. Ut quis enim rerum quia assumenda repudiandae non cumque qui. Amet repellat omnis ea.
      </p>
    </div>
  </div>
  <div
    className="row plans block-1-2 block-m-1-2 block-tab-full stack"
  >
    <div
      className="col-block item-plan"
    >
      <div
        className="item-plan__block"
      >
        <div
          className="item-plan__top-part"
        >
          <h3
            className="item-plan__title"
          >
            Give
          </h3>
          <p
            className="item-plan__price"
          >
            $5
          </p>
          <p
            className="item-plan__per"
          >
            To ORCAS
          </p>
        </div>
        <div
          className="item-plan__bottom-part"
        >
          <ul
            className="item-plan__mission"
          >
            <li>
              <span>
                Email
              </span>
               Updates
            </li>
          </ul>
          <a
            className="btn btn--primary large full-width"
            href="#0"
          >
            Give $5
          </a>
        </div>
      </div>
    </div>
    <div
      className="col-block item-plan item-plan--popular"
    >
      <div
        className="item-plan__block"
      >
        <div
          className="item-plan__top-part"
        >
          <h3
            className="item-plan__title"
          >
            Another amount?
          </h3>
          <p
            className="item-plan__price"
          >
            <input
              placeholder="Enter an amount to give"
              type="text"
            />
          </p>
          <p
            className="item-plan__per"
          >
            Or give monthly
          </p>
        </div>
        <div
          className="item-plan__bottom-part"
        >
          <ul
            className="item-plan__mission"
          >
            <li>
              <span>
                Give
              </span>
               Monthly
            </li>
            <li>
              <span>
                Another's
              </span>
               Behalf
            </li>
            <li>
              <span>
                Email
              </span>
               Updates
            </li>
            <li>
              Subscribe
            </li>
          </ul>
          <a
            className="btn btn--primary large full-width"
            href="#0"
          >
            Donate
          </a>
        </div>
      </div>
    </div>
  </div>
</section>
`;
