// Jest Snapshot v1, https://goo.gl/fbAQLP

exports[`Logo should match the snapshot 1`] = `
<div
  className="header-logo"
>
  <div
    className="site-logo"
  >
    <img
      alt="Homepage"
      src="logo.svg"
    />
  </div>
</div>
`;
