// Jest Snapshot v1, https://goo.gl/fbAQLP

exports[`ScrollView ScrollIntoView matches the snapshot 1`] = `
<withHandlers(ScrollIntoView)
  Text="test"
  activeElement="test"
  initial="Home"
  selector="#test"
  setActiveElement={[MockFunction]}
/>
`;
