// Jest Snapshot v1, https://goo.gl/fbAQLP

exports[`Footer matches the snapshot 1`] = `
<footer
  className="s-footer footer"
  id="contact"
>
  <div
    className="row section-header align-center"
  >
    <div
      className="col-full"
    >
      <h1
        className="display-1"
      >
        Let's Stay In Touch.
      </h1>
      <p
        className="lead"
      >
        Subscribe for updates, special offers, and other amazing stuff.
      </p>
    </div>
  </div>
  <div
    className="row footer__top"
  >
    <div
      className="col-full footer__subscribe end"
    >
      <NewsletterForm />
    </div>
  </div>
  <div
    className="row footer__bottom"
  >
    <div
      className="footer__about col-five tab-full left"
    >
      <h4>
        About ORCAS.
      </h4>
      <p>
        Lorem ipsum dolor sit amet, consectetur adipisicing elit, sed do eiusmod tempor incididunt ut labore et dolore magna aliqua. Ut enim ad minim veniam, quis nostrud exercitation ullamco laboris nisi ut aliquip ex consectetur adipisicing elit do eiusmod tempor.
      </p>
      <ul
        className="footer__social"
      >
        <li>
          <a
            href="#0"
          >
            <i
              aria-hidden="true"
              className="fab fa-facebook-f"
            />
          </a>
        </li>
        <li>
          <a
            href="#0"
          >
            <i
              aria-hidden="true"
              className="fab fa-twitter"
            />
          </a>
        </li>
        <li>
          <a
            href="#0"
          >
            <i
              aria-hidden="true"
              className="fab fa-instagram"
            />
          </a>
        </li>
      </ul>
    </div>
    <div
      className="col-five md-seven tab-full right end"
    >
      <div
        className="row"
      >
        <div
          className="footer__site-links col-five mob-full"
        >
          <h4>
            Site links.
          </h4>
          <ul
            className="footer__site-links"
          >
            <NavLink
              key="0"
              to="home"
            />
            <NavLink
              key="1"
              to="mission"
            />
            <NavLink
              key="2"
              to="about"
            />
            <NavLink
              key="3"
              to="services"
            />
            <NavLink
              key="4"
              to="seniors"
            />
            <NavLink
              key="5"
              to="donate"
            />
            <NavLink
              key="6"
              to="contact"
            />
          </ul>
        </div>
        <div
          className="footer__contact col-seven mob-full"
        >
          <h4>
            Contact Us.
          </h4>
          <p>
            Phone: (+1) 800 ORCAS 
            <br />
            Fax: (+1) 800 ORCAS
          </p>
          <p>
            Location 
            <br />
            5540 W. 5th St. #142 Oxnard, CA 93035
          </p>
          <p>
            Need help or have a question? Contact us at: 
            <br />
            <a
              className="footer__mail-link"
              href="mailto:#0"
            >
              kittypatrol@roadrunner.com
            </a>
          </p>
        </div>
      </div>
    </div>
    <div
      className="col-full ss-copyright"
    >
      <span>
        Â© Copyright ORCAS 2019
      </span>
    </div>
  </div>
  <div
    className="network-status"
    id="message"
  />
  <div
    className="go-top"
  >
    <Link
      className="smoothscroll"
      duration={500}
      offset={-70}
      smooth={true}
      spy={true}
      title="Back to Top"
      to="home"
    />
  </div>
</footer>
`;
