// Jest Snapshot v1, https://goo.gl/fbAQLP

exports[`VideoPlayer should match the snapshot 1`] = `
<Fragment>
  <Loader
    isFetching={true}
  />
  <ReactPlayer
    config={
      Object {
        "vimeo": Object {
          "playerOptions": Object {
            "height": 200,
          },
        },
      }
    }
    controls={false}
    height="100%"
    light={false}
    loop={false}
    muted={false}
    onBuffer={[Function]}
    onBufferEnd={[Function]}
    onDisablePIP={[Function]}
    onDuration={[Function]}
    onEnablePIP={[Function]}
    onEnded={[Function]}
    onError={[Function]}
    onPause={[Function]}
    onPlay={[Function]}
    onProgress={[Function]}
    onReady={[Function]}
    onSeek={[Function]}
    onStart={[Function]}
    pip={false}
    playbackRate={1}
    playing={false}
    playsinline={false}
    progressInterval={1000}
    style={
      Object {
        "display": "none",
      }
    }
    url="https://player.vimeo.com/video/223376401?color=00a650&title=0&byline=0&portrait=0"
    volume={null}
    width="100%"
    wrapper="div"
  />
</Fragment>
`;
