// Jest Snapshot v1, https://goo.gl/fbAQLP

exports[`MediaModal matches the snapshot 1`] = `
<Modal
  ariaHideApp={true}
  bodyOpenClassName="ReactModal__Body--open"
  closeTimeoutMS={0}
  isOpen={true}
  onRequestClose={[Function]}
  parentSelector={[Function]}
  portalClassName="ReactModalPortal"
  role="dialog"
  shouldCloseOnEsc={true}
  shouldCloseOnOverlayClick={true}
  shouldFocusAfterRender={true}
  shouldReturnFocusAfterClose={true}
  style={
    Object {
      "content": Object {
        "alignItems": "center",
        "backgroundColor": "black",
        "borderRadius": "5px",
        "bottom": "auto",
        "display": "flex",
        "flexDirection": "column",
        "height": "80vh",
        "justifyContent": "center",
        "left": "50%",
        "overflowX": "hidden",
        "overflowY": "hidden",
        "position": "absolute",
        "right": "auto",
        "top": "50%",
        "transform": "translate(-50%, -50%)",
      },
      "overlay": Object {
        "backgroundColor": "rgba(0, 0, 0, 0.3)",
        "bottom": 0,
        "display": "flex",
        "justifyContent": "center",
        "left": 0,
        "position": "fixed",
        "right": 0,
        "top": 0,
        "zIndex": 7,
      },
    }
  }
>
  <MediaComponent />
</Modal>
`;
