// Jest Snapshot v1, https://goo.gl/fbAQLP

exports[`Subscribe should match the snapshot 1`] = `
<div
  className="subscribe-form"
>
  <Formik
    enableReinitialize={false}
    initialValues={
      Object {
        "email": "",
      }
    }
    isInitialValid={false}
    onSubmit={[Function]}
    validate={[Function]}
    validateOnBlur={true}
    validateOnChange={true}
  >
    <Component />
  </Formik>
</div>
`;
