// Jest Snapshot v1, https://goo.gl/fbAQLP

exports[`Carousel should match the snapshot 1`] = `
<div
  className="meet-wrap"
>
  <div
    className="row"
  >
    <div
      className="col-full meet-header"
    >
      <h2
        className="display-2"
      >
        Meet the team!
      </h2>
    </div>
  </div>
  <div
    className="row meet slick-slider"
  >
    <ReactSwipableView
      animateHeight={false}
      animateTransitions={true}
      axis="x"
      disableLazyLoading={false}
      disabled={false}
      enableMouseEvents={true}
      hysteresis={0.6}
      ignoreNativeScroll={false}
      index={0}
      onChangeIndex={[Function]}
      resistance={true}
      springConfig={
        Object {
          "delay": "0s",
          "duration": "0.35s",
          "easeFunction": "cubic-bezier(0.15, 0.3, 0.25, 1)",
        }
      }
      threshold={5}
    >
      child
    </ReactSwipableView>
    <Pagination
      index={0}
      onChangeIndex={[Function]}
      total={1}
    />
  </div>
</div>
`;
