// Jest Snapshot v1, https://goo.gl/fbAQLP

exports[`Donate matches the snapshot 1`] = `
<Component>
  <div
    className="row plans block-1-2 block-m-1-2 block-tab-full stack"
  >
    <div
      className="col-block item-plan"
    >
      <div
        className="item-plan__block"
      >
        <div
          className="item-plan__top-part"
        >
          <h3
            className="item-plan__title"
          >
            Give
          </h3>
          <p
            className="item-plan__price"
          >
            $5
          </p>
          <p
            className="item-plan__per"
          >
            To ORCAS
          </p>
        </div>
        <div
          className="item-plan__bottom-part"
        >
          <ul
            className="item-plan__mission give-five"
          >
            <li>
              <span>
                Email
              </span>
               Updates
            </li>
          </ul>
          <a
            className="btn btn--primary large full-width"
            href="#0"
          >
            Give $5
          </a>
        </div>
      </div>
    </div>
    <div
      className="col-block item-plan item-plan--popular"
    >
      <div
        className="item-plan__block"
      >
        <WithFormik(ShortDonationForm)
          bindSubmitForm={[Function]}
        />
        <div
          className="item-plan__bottom-part"
        >
          <ul
            className="item-plan__mission"
          >
            <li>
              <span>
                Give
              </span>
               Monthly
            </li>
            <li>
              <span>
                Another's
              </span>
               Behalf
            </li>
            <li>
              <span>
                Email
              </span>
               Updates
            </li>
            <li>
              Subscribe
            </li>
          </ul>
          <div
            className="btn btn--primary large full-width"
            onClick={[Function]}
            test-id="donate-btn"
          >
            Donate
          </div>
        </div>
      </div>
    </div>
  </div>
</Component>
`;
